<?xml version="1.0" encoding="utf-8"?>
<?AutomationStudio Version="4.7.2.98"?>
<Objects>
  <Object
    Path="C:\Users\Bruger\Documents\GitHub\SemesterProject4\emasg18_kamik18_phans18_simulering3\PLCSolution1\PLCSolution2\Logical\Package.pkg"
    LogicalPath=""
    Type="Package.ParentUnknown"
    LastWriteTime="132329788214768594" />
  <Object
    Path="C:\Users\Bruger\Documents\GitHub\SemesterProject4\emasg18_kamik18_phans18_simulering3\PLCSolution1\PLCSolution2\Logical\Global.typ"
    LogicalPath="Global.typ"
    Type="File"
    LastWriteTime="132329788213302524"
    Private="false" />
  <Object
    Path="C:\Users\Bruger\Documents\GitHub\SemesterProject4\emasg18_kamik18_phans18_simulering3\PLCSolution1\PLCSolution2\Logical\Global.var"
    LogicalPath="Global.var"
    Type="File"
    LastWriteTime="132329788213372358"
    Private="false" />
  <Object
    Path="C:\Users\Bruger\Documents\GitHub\SemesterProject4\emasg18_kamik18_phans18_simulering3\PLCSolution1\PLCSolution2\Logical\Libraries\Package.pkg"
    LogicalPath="Libraries"
    Type="Package"
    LastWriteTime="132329788213721405" />
  <Object
    Path="C:\Users\Bruger\Documents\GitHub\SemesterProject4\emasg18_kamik18_phans18_simulering3\PLCSolution1\PLCSolution2\Logical\Libraries\operator\binary.lby"
    LogicalPath="Libraries.operator"
    Type="Library"
    LastWriteTime="132329788214180176" />
  <Object
    Path="C:\Users\Bruger\Documents\GitHub\SemesterProject4\emasg18_kamik18_phans18_simulering3\PLCSolution1\PLCSolution2\Logical\Libraries\operator\operator.fun"
    LogicalPath="Libraries.operator.operator.fun"
    Type="File"
    LastWriteTime="132329788214249978"
    Private="false" />
  <Object
    Path="C:\Users\Bruger\Documents\GitHub\SemesterProject4\emasg18_kamik18_phans18_simulering3\PLCSolution1\PLCSolution2\Logical\Libraries\operator\operator.typ"
    LogicalPath="Libraries.operator.operator.typ"
    Type="File"
    LastWriteTime="132329788214249978"
    Private="false" />
  <Object
    Path="C:\Users\Bruger\Documents\GitHub\SemesterProject4\emasg18_kamik18_phans18_simulering3\PLCSolution1\PLCSolution2\Logical\Libraries\operator\operator.var"
    LogicalPath="Libraries.operator.operator.var"
    Type="File"
    LastWriteTime="132329788214259952"
    Private="false" />
  <Object
    Path="C:\Users\Bruger\Documents\GitHub\SemesterProject4\emasg18_kamik18_phans18_simulering3\PLCSolution1\PLCSolution2\Logical\Libraries\runtime\binary.lby"
    LogicalPath="Libraries.runtime"
    Type="Library"
    LastWriteTime="132329788214449771" />
  <Object
    Path="C:\Users\Bruger\Documents\GitHub\SemesterProject4\emasg18_kamik18_phans18_simulering3\PLCSolution1\PLCSolution2\Logical\Libraries\runtime\runtime.fun"
    LogicalPath="Libraries.runtime.runtime.fun"
    Type="File"
    LastWriteTime="132329788214499640"
    Private="false" />
  <Object
    Path="C:\Users\Bruger\Documents\GitHub\SemesterProject4\emasg18_kamik18_phans18_simulering3\PLCSolution1\PLCSolution2\Logical\Libraries\runtime\runtime.typ"
    LogicalPath="Libraries.runtime.runtime.typ"
    Type="File"
    LastWriteTime="132329788214569211"
    Private="false" />
  <Object
    Path="C:\Users\Bruger\Documents\GitHub\SemesterProject4\emasg18_kamik18_phans18_simulering3\PLCSolution1\PLCSolution2\Logical\Libraries\runtime\runtime.var"
    LogicalPath="Libraries.runtime.runtime.var"
    Type="File"
    LastWriteTime="132329788214639039"
    Private="false" />
  <Object
    Path="C:\Users\Bruger\Documents\GitHub\SemesterProject4\emasg18_kamik18_phans18_simulering3\PLCSolution1\PLCSolution2\Logical\Libraries\astime\binary.lby"
    LogicalPath="Libraries.astime"
    Type="Library"
    LastWriteTime="132329788214070479" />
  <Object
    Path="C:\Users\Bruger\Documents\GitHub\SemesterProject4\emasg18_kamik18_phans18_simulering3\PLCSolution1\PLCSolution2\Logical\Libraries\astime\astime.fun"
    LogicalPath="Libraries.astime.astime.fun"
    Type="File"
    LastWriteTime="132329788213920862"
    Private="false" />
  <Object
    Path="C:\Users\Bruger\Documents\GitHub\SemesterProject4\emasg18_kamik18_phans18_simulering3\PLCSolution1\PLCSolution2\Logical\Libraries\astime\astime.typ"
    LogicalPath="Libraries.astime.astime.typ"
    Type="File"
    LastWriteTime="132329788213970727"
    Private="false" />
  <Object
    Path="C:\Users\Bruger\Documents\GitHub\SemesterProject4\emasg18_kamik18_phans18_simulering3\PLCSolution1\PLCSolution2\Logical\Libraries\astime\astime.var"
    LogicalPath="Libraries.astime.astime.var"
    Type="File"
    LastWriteTime="132329788214010937"
    Private="false" />
  <Object
    Path="C:\Users\Bruger\Documents\GitHub\SemesterProject4\emasg18_kamik18_phans18_simulering3\PLCSolution1\PLCSolution2\Logical\Libraries\AsIecCon\binary.lby"
    LogicalPath="Libraries.AsIecCon"
    Type="Library"
    LastWriteTime="132329788213721405" />
  <Object
    Path="C:\Users\Bruger\Documents\GitHub\SemesterProject4\emasg18_kamik18_phans18_simulering3\PLCSolution1\PLCSolution2\Logical\Libraries\AsIecCon\AsIecCon.fun"
    LogicalPath="Libraries.AsIecCon.AsIecCon.fun"
    Type="File"
    LastWriteTime="132329788213452134"
    Private="false" />
  <Object
    Path="C:\Users\Bruger\Documents\GitHub\SemesterProject4\emasg18_kamik18_phans18_simulering3\PLCSolution1\PLCSolution2\Logical\Libraries\AsIecCon\AsIecCon.typ"
    LogicalPath="Libraries.AsIecCon.AsIecCon.typ"
    Type="File"
    LastWriteTime="132329788213492028"
    Private="false" />
  <Object
    Path="C:\Users\Bruger\Documents\GitHub\SemesterProject4\emasg18_kamik18_phans18_simulering3\PLCSolution1\PLCSolution2\Logical\Libraries\AsIecCon\AsIecCon.var"
    LogicalPath="Libraries.AsIecCon.AsIecCon.var"
    Type="File"
    LastWriteTime="132329788213561822"
    Private="false" />
  <Object
    Path="C:\Users\Bruger\Documents\GitHub\SemesterProject4\emasg18_kamik18_phans18_simulering3\PLCSolution1\PLCSolution2\Logical\Libraries\standard\binary.lby"
    LogicalPath="Libraries.standard"
    Type="Library"
    LastWriteTime="132329788214678833" />
  <Object
    Path="C:\Users\Bruger\Documents\GitHub\SemesterProject4\emasg18_kamik18_phans18_simulering3\PLCSolution1\PLCSolution2\Logical\Libraries\standard\standard.fun"
    LogicalPath="Libraries.standard.standard.fun"
    Type="File"
    LastWriteTime="132329788214678833"
    Private="false" />
  <Object
    Path="C:\Users\Bruger\Documents\GitHub\SemesterProject4\emasg18_kamik18_phans18_simulering3\PLCSolution1\PLCSolution2\Logical\Libraries\standard\standard.typ"
    LogicalPath="Libraries.standard.standard.typ"
    Type="File"
    LastWriteTime="132329788214688809"
    Private="false" />
  <Object
    Path="C:\Users\Bruger\Documents\GitHub\SemesterProject4\emasg18_kamik18_phans18_simulering3\PLCSolution1\PLCSolution2\Logical\Libraries\standard\standard.var"
    LogicalPath="Libraries.standard.standard.var"
    Type="File"
    LastWriteTime="132329788214698784"
    Private="false" />
  <Object
    Path="C:\Users\Bruger\Documents\GitHub\SemesterProject4\emasg18_kamik18_phans18_simulering3\PLCSolution1\PLCSolution2\Logical\Program\IEC.prg"
    LogicalPath="Program"
    Type="Program"
    LastWriteTime="132329788214818458" />
  <Object
    Path="C:\Users\Bruger\Documents\GitHub\SemesterProject4\emasg18_kamik18_phans18_simulering3\PLCSolution1\PLCSolution2\Logical\Program\Main.st"
    LogicalPath="Program.Main.st"
    Type="File"
    LastWriteTime="132329788214818458"
    Private="false" />
  <Object
    Path="C:\Users\Bruger\Documents\GitHub\SemesterProject4\emasg18_kamik18_phans18_simulering3\PLCSolution1\PLCSolution2\Logical\Program\Types.typ"
    LogicalPath="Program.Types.typ"
    Type="File"
    LastWriteTime="132329788214828433"
    Private="true" />
  <Object
    Path="C:\Users\Bruger\Documents\GitHub\SemesterProject4\emasg18_kamik18_phans18_simulering3\PLCSolution1\PLCSolution2\Logical\Program\Variables.var"
    LogicalPath="Program.Variables.var"
    Type="File"
    LastWriteTime="132329788214828433"
    Private="true" />
  <Object
    Path="C:\Users\Bruger\Documents\GitHub\SemesterProject4\emasg18_kamik18_phans18_simulering3\PLCSolution1\PLCSolution2\Physical\Config1\Config.pkg"
    LogicalPath="Config1"
    Type="Configuration.ParentUnknown"
    LastWriteTime="132329788214938459" />
  <Object
    Path="C:\Users\Bruger\Documents\GitHub\SemesterProject4\emasg18_kamik18_phans18_simulering3\PLCSolution1\PLCSolution2\Physical\Config1\Hardware.hw"
    LogicalPath="Config1.Hardware.hw"
    Type="File"
    LastWriteTime="132329788214948125"
    Private="false" />
  <Object
    Path="C:\Users\Bruger\Documents\GitHub\SemesterProject4\emasg18_kamik18_phans18_simulering3\PLCSolution1\PLCSolution2\Physical\Config1\Hardware.hwl"
    LogicalPath="Config1.Hardware.hwl"
    Type="File"
    LastWriteTime="132329788214948125"
    Private="false" />
  <Object
    Path="C:\Users\Bruger\Documents\GitHub\SemesterProject4\emasg18_kamik18_phans18_simulering3\PLCSolution1\PLCSolution2\Physical\Config1\X20CP1586\Cpu.pkg"
    LogicalPath="Config1.X20CP1586"
    Type="Cpu"
    LastWriteTime="132329788216005304" />
  <Object
    Path="C:\Users\Bruger\Documents\GitHub\SemesterProject4\emasg18_kamik18_phans18_simulering3\PLCSolution1\PLCSolution2\Physical\Config1\X20CP1586\Cpu.sw"
    LogicalPath="Config1.X20CP1586.Cpu.sw"
    Type="File"
    LastWriteTime="132329788216015273"
    Private="false" />
  <Object
    Path="C:\Users\Bruger\Documents\GitHub\SemesterProject4\emasg18_kamik18_phans18_simulering3\PLCSolution1\PLCSolution2\Physical\Config1\X20CP1586\Cpu.per"
    LogicalPath="Config1.X20CP1586.Cpu.per"
    Type="File"
    LastWriteTime="132329788215935998"
    Private="false" />
  <Object
    Path="C:\Users\Bruger\Documents\GitHub\SemesterProject4\emasg18_kamik18_phans18_simulering3\PLCSolution1\PLCSolution2\Physical\Config1\X20CP1586\IoMap.iom"
    LogicalPath="Config1.X20CP1586.IoMap.iom"
    Type="File"
    LastWriteTime="132329788216015273"
    Private="false" />
  <Object
    Path="C:\Users\Bruger\Documents\GitHub\SemesterProject4\emasg18_kamik18_phans18_simulering3\PLCSolution1\PLCSolution2\Physical\Config1\X20CP1586\PvMap.vvm"
    LogicalPath="Config1.X20CP1586.PvMap.vvm"
    Type="File"
    LastWriteTime="132329788216075114"
    Private="false" />
  <Object
    Path="C:\Users\Bruger\Documents\GitHub\SemesterProject4\emasg18_kamik18_phans18_simulering3\PLCSolution1\PLCSolution2\Physical\Config1\X20CP1586\Connectivity\Package.pkg"
    LogicalPath="Config1.X20CP1586.Connectivity"
    Type="Package"
    LastWriteTime="132329788215875649" />
  <Object
    Path="C:\Users\Bruger\Documents\GitHub\SemesterProject4\emasg18_kamik18_phans18_simulering3\PLCSolution1\PLCSolution2\Physical\Config1\X20CP1586\Connectivity\OpcUA\Package.pkg"
    LogicalPath="Config1.X20CP1586.Connectivity.OpcUA"
    Type="Package"
    LastWriteTime="132329788215815801" />
  <Object
    Path="C:\Users\Bruger\Documents\GitHub\SemesterProject4\emasg18_kamik18_phans18_simulering3\PLCSolution1\PLCSolution2\Physical\Config1\X20CP1586\TextSystem\Package.pkg"
    LogicalPath="Config1.X20CP1586.TextSystem"
    Type="Package"
    LastWriteTime="132329788216124966" />
  <Object
    Path="C:\Users\Bruger\Documents\GitHub\SemesterProject4\emasg18_kamik18_phans18_simulering3\PLCSolution1\PLCSolution2\Physical\Config1\X20CP1586\UnitSystem\Package.pkg"
    LogicalPath="Config1.X20CP1586.UnitSystem"
    Type="Package"
    LastWriteTime="132329788216165201" />
  <Object
    Path="C:\Users\Bruger\Documents\GitHub\SemesterProject4\emasg18_kamik18_phans18_simulering3\PLCSolution1\PLCSolution2\Physical\Config1\X20CP1586\AccessAndSecurity\Package.pkg"
    LogicalPath="Config1.X20CP1586.AccessAndSecurity"
    Type="Package"
    LastWriteTime="132329788215576433" />
  <Object
    Path="C:\Users\Bruger\Documents\GitHub\SemesterProject4\emasg18_kamik18_phans18_simulering3\PLCSolution1\PLCSolution2\Physical\Config1\X20CP1586\AccessAndSecurity\UserRoleSystem\Package.pkg"
    LogicalPath="Config1.X20CP1586.AccessAndSecurity.UserRoleSystem"
    Type="Package"
    LastWriteTime="132329788215666539" />
  <Object
    Path="C:\Users\Bruger\Documents\GitHub\SemesterProject4\emasg18_kamik18_phans18_simulering3\PLCSolution1\PLCSolution2\Physical\Config1\X20CP1586\AccessAndSecurity\UserRoleSystem\Role.role"
    LogicalPath="Config1.X20CP1586.AccessAndSecurity.UserRoleSystem.Role.role"
    Type="File"
    LastWriteTime="132329788215722978"
    Private="false" />
  <Object
    Path="C:\Users\Bruger\Documents\GitHub\SemesterProject4\emasg18_kamik18_phans18_simulering3\PLCSolution1\PLCSolution2\Physical\Config1\X20CP1586\AccessAndSecurity\UserRoleSystem\User.user"
    LogicalPath="Config1.X20CP1586.AccessAndSecurity.UserRoleSystem.User.user"
    Type="File"
    LastWriteTime="132329788215765926"
    Private="false" />
  <Object
    Path="C:\Users\Bruger\Documents\GitHub\SemesterProject4\emasg18_kamik18_phans18_simulering3\PLCSolution1\PLCSolution2\Physical\Config1\X20CP1586\AccessAndSecurity\CertificateStore\Package.pkg"
    LogicalPath="Config1.X20CP1586.AccessAndSecurity.CertificateStore"
    Type="Package"
    LastWriteTime="132329788215277251" />
  <Object
    Path="C:\Users\Bruger\Documents\GitHub\SemesterProject4\emasg18_kamik18_phans18_simulering3\PLCSolution1\PLCSolution2\Physical\Config1\X20CP1586\AccessAndSecurity\CertificateStore\OwnCertificates\Package.pkg"
    LogicalPath="Config1.X20CP1586.AccessAndSecurity.CertificateStore.OwnCertificates"
    Type="Package"
    LastWriteTime="132329788215167856" />
  <Object
    Path="C:\Users\Bruger\Documents\GitHub\SemesterProject4\emasg18_kamik18_phans18_simulering3\PLCSolution1\PLCSolution2\Physical\Config1\X20CP1586\AccessAndSecurity\CertificateStore\OwnCertificates\Certificates\Package.pkg"
    LogicalPath="Config1.X20CP1586.AccessAndSecurity.CertificateStore.OwnCertificates.Certificates"
    Type="Package"
    LastWriteTime="132329788215127695" />
  <Object
    Path="C:\Users\Bruger\Documents\GitHub\SemesterProject4\emasg18_kamik18_phans18_simulering3\PLCSolution1\PLCSolution2\Physical\Config1\X20CP1586\AccessAndSecurity\CertificateStore\OwnCertificates\PrivateKeys\Package.pkg"
    LogicalPath="Config1.X20CP1586.AccessAndSecurity.CertificateStore.OwnCertificates.PrivateKeys"
    Type="Package"
    LastWriteTime="132329788215227625" />
  <Object
    Path="C:\Users\Bruger\Documents\GitHub\SemesterProject4\emasg18_kamik18_phans18_simulering3\PLCSolution1\PLCSolution2\Physical\Config1\X20CP1586\AccessAndSecurity\CertificateStore\ThirdPartyCertificates\Package.pkg"
    LogicalPath="Config1.X20CP1586.AccessAndSecurity.CertificateStore.ThirdPartyCertificates"
    Type="Package"
    LastWriteTime="132329788215327098" />
  <Object
    Path="C:\Users\Bruger\Documents\GitHub\SemesterProject4\emasg18_kamik18_phans18_simulering3\PLCSolution1\PLCSolution2\Physical\Config1\X20CP1586\AccessAndSecurity\CertificateStore\ThirdPartyCertificates\SoftwareCertificates\Package.pkg"
    LogicalPath="Config1.X20CP1586.AccessAndSecurity.CertificateStore.ThirdPartyCertificates.SoftwareCertificates"
    Type="Package"
    LastWriteTime="132329788215376978" />
  <Object
    Path="C:\Users\Bruger\Documents\GitHub\SemesterProject4\emasg18_kamik18_phans18_simulering3\PLCSolution1\PLCSolution2\Physical\Config1\X20CP1586\AccessAndSecurity\CertificateStore\CertificateRevocationLists\Package.pkg"
    LogicalPath="Config1.X20CP1586.AccessAndSecurity.CertificateStore.CertificateRevocationLists"
    Type="Package"
    LastWriteTime="132329788215007960" />
  <Object
    Path="C:\Users\Bruger\Documents\GitHub\SemesterProject4\emasg18_kamik18_phans18_simulering3\PLCSolution1\PLCSolution2\Physical\Config1\X20CP1586\AccessAndSecurity\CertificateStore\CertificateSigningRequests\Package.pkg"
    LogicalPath="Config1.X20CP1586.AccessAndSecurity.CertificateStore.CertificateSigningRequests"
    Type="Package"
    LastWriteTime="132329788215077767" />
  <Object
    Path="C:\Users\Bruger\Documents\GitHub\SemesterProject4\emasg18_kamik18_phans18_simulering3\PLCSolution1\PLCSolution2\Physical\Config1\X20CP1586\AccessAndSecurity\TransportLayerSecurity\Package.pkg"
    LogicalPath="Config1.X20CP1586.AccessAndSecurity.TransportLayerSecurity"
    Type="Package"
    LastWriteTime="132329788215616338" />
  <Object
    Path="C:\Users\Bruger\Documents\GitHub\SemesterProject4\emasg18_kamik18_phans18_simulering3\PLCSolution1\PLCSolution2\Physical\Config1\X20CP1586\AccessAndSecurity\Firewall\Package.pkg"
    LogicalPath="Config1.X20CP1586.AccessAndSecurity.Firewall"
    Type="Package"
    LastWriteTime="132329788215466733" />
  <Object
    Path="C:\Users\Bruger\Documents\GitHub\SemesterProject4\emasg18_kamik18_phans18_simulering3\PLCSolution1\PLCSolution2\Physical\Config1\X20CP1586\AccessAndSecurity\Firewall\Rules.firewallRules"
    LogicalPath="Config1.X20CP1586.AccessAndSecurity.Firewall.Rules.firewallRules"
    Type="File"
    LastWriteTime="132329788215516929"
    Private="false" />
  <Object
    Path="C:\Users\Bruger\Documents\GitHub\SemesterProject4\emasg18_kamik18_phans18_simulering3\PLCSolution1\PLCSolution2\Physical\Config1\X20CP1586\mappControl\Package.pkg"
    LogicalPath="Config1.X20CP1586.mappControl"
    Type="Package"
    LastWriteTime="132329788216274946" />
  <Object
    Path="C:\Users\Bruger\Documents\GitHub\SemesterProject4\emasg18_kamik18_phans18_simulering3\PLCSolution1\PLCSolution2\Physical\Config1\X20CP1586\mappMotion\Package.pkg"
    LogicalPath="Config1.X20CP1586.mappMotion"
    Type="Package"
    LastWriteTime="132329788216324447" />
  <Object
    Path="C:\Users\Bruger\Documents\GitHub\SemesterProject4\emasg18_kamik18_phans18_simulering3\PLCSolution1\PLCSolution2\Physical\Config1\X20CP1586\mappServices\Package.pkg"
    LogicalPath="Config1.X20CP1586.mappServices"
    Type="Package"
    LastWriteTime="132329788216374364" />
  <Object
    Path="C:\Users\Bruger\Documents\GitHub\SemesterProject4\emasg18_kamik18_phans18_simulering3\PLCSolution1\PLCSolution2\Physical\Config1\X20CP1586\mappView\Package.pkg"
    LogicalPath="Config1.X20CP1586.mappView"
    Type="Package"
    LastWriteTime="132329788216424434" />
  <Object
    Path="C:\Users\Bruger\Documents\GitHub\SemesterProject4\emasg18_kamik18_phans18_simulering3\PLCSolution1\PLCSolution2\Physical\Config1\X20CP1586\mappCockpit\Package.pkg"
    LogicalPath="Config1.X20CP1586.mappCockpit"
    Type="Package"
    LastWriteTime="132329788216225056" />
  <Object
    Path="C:\Users\Bruger\Documents\GitHub\SemesterProject4\emasg18_kamik18_phans18_simulering3\PLCSolution1\PLCSolution2\Physical\Config1\Hardware.jpg"
    LogicalPath="Config1.Hardware.jpg"
    Type="File"
    LastWriteTime="132329788214958090"
    Private="false" />
</Objects>