C:\Users\emila\OneDrive\Dokumenter\GitHub\SemesterProject4\emasg18_kamik18_phans18_simulering3\PLCSolution\PLC1\SolutionPLC\Logical\Global.typ
C:\Users\emila\OneDrive\Dokumenter\GitHub\SemesterProject4\emasg18_kamik18_phans18_simulering3\PLCSolution\PLC1\SolutionPLC\Logical\Global.var
C:\Users\emila\OneDrive\Dokumenter\GitHub\SemesterProject4\emasg18_kamik18_phans18_simulering3\PLCSolution\PLC1\SolutionPLC\Logical\Libraries\operator\operator.fun
C:\Users\emila\OneDrive\Dokumenter\GitHub\SemesterProject4\emasg18_kamik18_phans18_simulering3\PLCSolution\PLC1\SolutionPLC\Logical\Libraries\operator\operator.typ
C:\Users\emila\OneDrive\Dokumenter\GitHub\SemesterProject4\emasg18_kamik18_phans18_simulering3\PLCSolution\PLC1\SolutionPLC\Logical\Libraries\operator\operator.var
C:\Users\emila\OneDrive\Dokumenter\GitHub\SemesterProject4\emasg18_kamik18_phans18_simulering3\PLCSolution\PLC1\SolutionPLC\Logical\Libraries\runtime\runtime.fun
C:\Users\emila\OneDrive\Dokumenter\GitHub\SemesterProject4\emasg18_kamik18_phans18_simulering3\PLCSolution\PLC1\SolutionPLC\Logical\Libraries\runtime\runtime.typ
C:\Users\emila\OneDrive\Dokumenter\GitHub\SemesterProject4\emasg18_kamik18_phans18_simulering3\PLCSolution\PLC1\SolutionPLC\Logical\Libraries\runtime\runtime.var
C:\Users\emila\OneDrive\Dokumenter\GitHub\SemesterProject4\emasg18_kamik18_phans18_simulering3\PLCSolution\PLC1\SolutionPLC\Logical\Libraries\astime\astime.fun
C:\Users\emila\OneDrive\Dokumenter\GitHub\SemesterProject4\emasg18_kamik18_phans18_simulering3\PLCSolution\PLC1\SolutionPLC\Logical\Libraries\astime\astime.typ
C:\Users\emila\OneDrive\Dokumenter\GitHub\SemesterProject4\emasg18_kamik18_phans18_simulering3\PLCSolution\PLC1\SolutionPLC\Logical\Libraries\astime\astime.var
C:\Users\emila\OneDrive\Dokumenter\GitHub\SemesterProject4\emasg18_kamik18_phans18_simulering3\PLCSolution\PLC1\SolutionPLC\Logical\Libraries\AsIecCon\AsIecCon.fun
C:\Users\emila\OneDrive\Dokumenter\GitHub\SemesterProject4\emasg18_kamik18_phans18_simulering3\PLCSolution\PLC1\SolutionPLC\Logical\Libraries\AsIecCon\AsIecCon.typ
C:\Users\emila\OneDrive\Dokumenter\GitHub\SemesterProject4\emasg18_kamik18_phans18_simulering3\PLCSolution\PLC1\SolutionPLC\Logical\Libraries\AsIecCon\AsIecCon.var
C:\Users\emila\OneDrive\Dokumenter\GitHub\SemesterProject4\emasg18_kamik18_phans18_simulering3\PLCSolution\PLC1\SolutionPLC\Logical\Libraries\standard\standard.fun
C:\Users\emila\OneDrive\Dokumenter\GitHub\SemesterProject4\emasg18_kamik18_phans18_simulering3\PLCSolution\PLC1\SolutionPLC\Logical\Libraries\standard\standard.typ
C:\Users\emila\OneDrive\Dokumenter\GitHub\SemesterProject4\emasg18_kamik18_phans18_simulering3\PLCSolution\PLC1\SolutionPLC\Logical\Libraries\standard\standard.var
