C:\Users\Emil\Documents\GitHub\SemesterProject4\emasg18_kamik18_phans18_simulering3\PLCforDesktop\PLCSolution2\Logical\Global.typ
C:\Users\Emil\Documents\GitHub\SemesterProject4\emasg18_kamik18_phans18_simulering3\PLCforDesktop\PLCSolution2\Logical\Global.var
C:\Users\Emil\Documents\GitHub\SemesterProject4\emasg18_kamik18_phans18_simulering3\PLCforDesktop\PLCSolution2\Logical\Libraries\operator\operator.fun
C:\Users\Emil\Documents\GitHub\SemesterProject4\emasg18_kamik18_phans18_simulering3\PLCforDesktop\PLCSolution2\Logical\Libraries\operator\operator.typ
C:\Users\Emil\Documents\GitHub\SemesterProject4\emasg18_kamik18_phans18_simulering3\PLCforDesktop\PLCSolution2\Logical\Libraries\operator\operator.var
C:\Users\Emil\Documents\GitHub\SemesterProject4\emasg18_kamik18_phans18_simulering3\PLCforDesktop\PLCSolution2\Logical\Libraries\runtime\runtime.fun
C:\Users\Emil\Documents\GitHub\SemesterProject4\emasg18_kamik18_phans18_simulering3\PLCforDesktop\PLCSolution2\Logical\Libraries\runtime\runtime.typ
C:\Users\Emil\Documents\GitHub\SemesterProject4\emasg18_kamik18_phans18_simulering3\PLCforDesktop\PLCSolution2\Logical\Libraries\runtime\runtime.var
C:\Users\Emil\Documents\GitHub\SemesterProject4\emasg18_kamik18_phans18_simulering3\PLCforDesktop\PLCSolution2\Logical\Libraries\astime\astime.fun
C:\Users\Emil\Documents\GitHub\SemesterProject4\emasg18_kamik18_phans18_simulering3\PLCforDesktop\PLCSolution2\Logical\Libraries\astime\astime.typ
C:\Users\Emil\Documents\GitHub\SemesterProject4\emasg18_kamik18_phans18_simulering3\PLCforDesktop\PLCSolution2\Logical\Libraries\astime\astime.var
C:\Users\Emil\Documents\GitHub\SemesterProject4\emasg18_kamik18_phans18_simulering3\PLCforDesktop\PLCSolution2\Logical\Libraries\AsIecCon\AsIecCon.fun
C:\Users\Emil\Documents\GitHub\SemesterProject4\emasg18_kamik18_phans18_simulering3\PLCforDesktop\PLCSolution2\Logical\Libraries\AsIecCon\AsIecCon.typ
C:\Users\Emil\Documents\GitHub\SemesterProject4\emasg18_kamik18_phans18_simulering3\PLCforDesktop\PLCSolution2\Logical\Libraries\AsIecCon\AsIecCon.var
C:\Users\Emil\Documents\GitHub\SemesterProject4\emasg18_kamik18_phans18_simulering3\PLCforDesktop\PLCSolution2\Logical\Libraries\standard\standard.fun
C:\Users\Emil\Documents\GitHub\SemesterProject4\emasg18_kamik18_phans18_simulering3\PLCforDesktop\PLCSolution2\Logical\Libraries\standard\standard.typ
C:\Users\Emil\Documents\GitHub\SemesterProject4\emasg18_kamik18_phans18_simulering3\PLCforDesktop\PLCSolution2\Logical\Libraries\standard\standard.var
